### Step 2A

/c/Users/Aranda

### Step 2B

 cd Desktop


### Step 2C

 cd unit1-git-practice


### Step 2D

/c/Users/Aranda/Desktop/unit1-git-practice


### Step 2E

ls

### Step 2F

my-steps.txt


### Step 2G

cd ~

### Step 2H

/c/Users/Aranda

### Step 2I

'3D Objects'/
 AppData/
 Apple/
'Application Data'@
 Assessment4.sql
 BullseyeCoverageError.txt
 Contacts/
 Cookies@
 Desktop/
 Documents/
 Downloads/
 Favorites/
 HP/
 IntelGraphicsProfiles/
 JavaClass/
 Links/
'Local Settings'@
 MicrosoftEdgeBackups/
 Music/
'My Documents'@
 NTUSER.DAT
 NTUSER.DAT{53b39e88-18c4-11ea-a811-000d3aa4692b}.TM.blf
 NTUSER.DAT{53b39e88-18c4-11ea-a811-000d3aa4692b}.TMContainer00000000000000000001.regtrans-ms
 NTUSER.DAT{53b39e88-18c4-11ea-a811-000d3aa4692b}.TMContainer00000000000000000002.regtrans-ms
 NetHood@
 NorthwindLab/
 OneDrive/
 Pictures/
 Postman/
 PracticeAssessment4.sql
 PrintHood@
 PycharmProjects/
 Recent@
 Roomcalc/
'Saved Games'/
 Searches/
 SendTo@
'Start Menu'@
 Templates@
 Videos/
 anaconda3/
 classcalc/
 eclipse/
 eclipse-workspace/
 exercise.sql
 formExample/
 git/
 github-classroom/
 hellojava/
 ntuser.dat.LOG1
 ntuser.dat.LOG2
 ntuser.ini
 sqlprac.sql


### Step 2J

cd ~

### Step 2K

 cd Desktop/ unit1-git-practice/



### Step 3A

$ mkdir veggies


$ mkdir meats


$ mkdir desserts


### Step 3B

mv desserts sweets

### Step 3C

mkdir proteins

### Step 3D

mv meats proteins

### Step 3E

cd veggies

touch carrot.txt

touch pea.txt


### Step 3F

cd ..
cd sweets
cookie.txt


### Step 3G

mv cookie.txt donut.txt

### Step 3H

$ cd ..

$ touch thing.txt


### Step 3I

cp thing.txt tofu.txt

### Step 3J

mv tofu.txt proteins

### Step 3K

cd ..

cp thing.txt crab.txt

mv crab.txt proteins

cd proteins

mv crab.txt meats


### Step 3L

rm thing.txt

### Step 3M

 cp -r veggies plants


### Step 3N

mkdir drinks
rm -r drinks

### Step 4

 git init
 git add .
 git commit -m "first commit"


### Step 5
git remote add origin https://github.com/ajabiro/unit1-git-practice.git
git branch -M main
git push -u origin main

### Step 6

git add .
git commit -m "added a menu"
git push

### Step 7
*** DO NOT RECORD STEP 7 ***